2026-05-16 15:55:05 [main] ERROR baseClass - This is a error message
2026-05-16 15:55:05 [main] FATAL baseClass - This is a fatal message
2026-05-16 15:57:01 [main] ERROR baseClass - This is a error message
2026-05-16 15:57:01 [main] FATAL baseClass - This is a fatal message
2026-05-19 12:48:59 [TestNG-test-OrangeHRMTest-4] ERROR actionDriver - unable to click element
2026-05-19 14:25:24 [TestNG-test-OrangeHRMTest-4] ERROR actionDriver - unable to click element
2026-05-19 14:36:13 [TestNG-test-OrangeHRMTest-4] ERROR actionDriver - unable to click element
2026-05-22 14:19:39 [TestNG-test-OrangeHRMTest-3] ERROR actionDriver - Unable to enter the value:no such window: target window already closed
from unknown error: web view not found
  (Session info: chrome=148.0.7778.168)
Build info: version: '4.43.0', revision: 'dd0f534'
System info: os.name: 'Windows 11', os.arch: 'amd64', os.version: '10.0', java.version: '21.0.10'
Driver info: org.openqa.selenium.chrome.ChromeDriver
Command: [b4a6b96616d2651e07fc47f78bc46e7e, findElement {using=name, value=username}]
Capabilities {acceptInsecureCerts: false, browserName: chrome, browserVersion: 148.0.7778.168, chrome: {chromedriverVersion: 148.0.7778.178 (d096af1c9e9..., userDataDir: C:\Users\chsri\AppData\Loca...}, fedcm:accounts: true, goog:chromeOptions: {debuggerAddress: localhost:56354}, goog:processID: 26012, networkConnectionEnabled: false, pageLoadStrategy: normal, platformName: windows, proxy: Proxy(), se:cdp: ws://localhost:56354/devtoo..., se:cdpVersion: 148.0.7778.168, setWindowRect: true, strictFileInteractability: false, timeouts: {implicit: 0, pageLoad: 300000, script: 30000}, unhandledPromptBehavior: dismiss and notify, webauthn:extension:credBlob: true, webauthn:extension:largeBlob: true, webauthn:extension:minPinLength: true, webauthn:extension:prf: true, webauthn:virtualAuthenticators: true}
Session ID: b4a6b96616d2651e07fc47f78bc46e7e
2026-05-22 14:20:09 [TestNG-test-OrangeHRMTest-3] ERROR actionDriver - Unable to enter the value:no such window: target window already closed
from unknown error: web view not found
  (Session info: chrome=148.0.7778.168)
Build info: version: '4.43.0', revision: 'dd0f534'
System info: os.name: 'Windows 11', os.arch: 'amd64', os.version: '10.0', java.version: '21.0.10'
Driver info: org.openqa.selenium.chrome.ChromeDriver
Command: [b4a6b96616d2651e07fc47f78bc46e7e, findElement {using=name, value=password}]
Capabilities {acceptInsecureCerts: false, browserName: chrome, browserVersion: 148.0.7778.168, chrome: {chromedriverVersion: 148.0.7778.178 (d096af1c9e9..., userDataDir: C:\Users\chsri\AppData\Loca...}, fedcm:accounts: true, goog:chromeOptions: {debuggerAddress: localhost:56354}, goog:processID: 26012, networkConnectionEnabled: false, pageLoadStrategy: normal, platformName: windows, proxy: Proxy(), se:cdp: ws://localhost:56354/devtoo..., se:cdpVersion: 148.0.7778.168, setWindowRect: true, strictFileInteractability: false, timeouts: {implicit: 0, pageLoad: 300000, script: 30000}, unhandledPromptBehavior: dismiss and notify, webauthn:extension:credBlob: true, webauthn:extension:largeBlob: true, webauthn:extension:minPinLength: true, webauthn:extension:prf: true, webauthn:virtualAuthenticators: true}
Session ID: b4a6b96616d2651e07fc47f78bc46e7e
2026-05-22 14:20:39 [TestNG-test-OrangeHRMTest-3] ERROR actionDriver - unable to click element
